com\ta\recruitment\service\JsonStorageServiceTest$DataIntegrity.class
com\ta\recruitment\service\JsonStorageServiceTest.class
com\ta\recruitment\servlet\package-info.class
com\ta\recruitment\integration\RecruitmentSystemIntegrationTest$JobPostingWorkflow.class
com\ta\recruitment\service\JsonStorageServiceTest$FileExistenceChecks.class
com\ta\recruitment\service\JsonStorageServiceTest$ReadOperations.class
com\ta\recruitment\servlet\StorageSyncServletTest.class
com\ta\recruitment\servlet\StorageSyncServletTest$DoGetTests.class
com\ta\recruitment\servlet\StorageSyncServletTest$DoPostTests.class
com\ta\recruitment\integration\RecruitmentSystemIntegrationTest$ChatSystemWorkflow.class
com\ta\recruitment\service\JsonStorageServiceTest$WriteOperations.class
com\ta\recruitment\servlet\StorageSyncServletTest$ThreadSafetyTests.class
com\ta\recruitment\integration\RecruitmentSystemIntegrationTest$ApplicationSubmissionWorkflow.class
com\ta\recruitment\integration\RecruitmentSystemIntegrationTest$UserRegistrationWorkflow.class
com\ta\recruitment\servlet\StorageSyncServletTest$DoOptionsTests.class
com\ta\recruitment\service\package-info.class
com\ta\recruitment\integration\RecruitmentSystemIntegrationTest$DataPersistenceTests.class
com\ta\recruitment\servlet\StorageSyncServletTest$EdgeCaseTests.class
com\ta\recruitment\integration\RecruitmentSystemIntegrationTest.class
com\ta\recruitment\service\JsonStorageServiceTest$ErrorHandling.class
com\ta\recruitment\service\JsonStorageServiceTest$DirectoryOperations.class
